70.208.17.248 - - [21/May/2014:14:06:55 -0600] "GET /registration.php HTTP/1.0" 200 849 "http://blastsoccerofutah.com/academy.php" "Mozilla/5.0 (iPhone; CPU iPhone OS 7_1_1 like Mac OS X) AppleWebKit/537.51.2 (KHTML, like Gecko) Version/7.0 Mobile/11D201 Safari/9537.53"
70.208.17.248 - - [21/May/2014:14:07:03 -0600] "GET /coaches.php HTTP/1.0" 200 848 "http://blastsoccerofutah.com/registration.php" "Mozilla/5.0 (iPhone; CPU iPhone OS 7_1_1 like Mac OS X) AppleWebKit/537.51.2 (KHTML, like Gecko) Version/7.0 Mobile/11D201 Safari/9537.53"
70.208.17.248 - - [21/May/2014:14:07:14 -0600] "GET /teams.php HTTP/1.0" 200 853 "http://blastsoccerofutah.com/coaches.php" "Mozilla/5.0 (iPhone; CPU iPhone OS 7_1_1 like Mac OS X) AppleWebKit/537.51.2 (KHTML, like Gecko) Version/7.0 Mobile/11D201 Safari/9537.53"
70.196.202.150 - - [21/May/2014:15:18:30 -0600] "GET /teams.php HTTP/1.0" 200 853 "-" "Mozilla/5.0 (iPhone; CPU iPhone OS 7_1_1 like Mac OS X) AppleWebKit/537.51.2 (KHTML, like Gecko) Version/7.0 Mobile/11D201 Safari/9537.53"
70.196.202.150 - - [21/May/2014:15:18:30 -0600] "GET /js/site.js HTTP/1.0" 200 338 "http://blastsoccerofutah.com/teams.php" "Mozilla/5.0 (iPhone; CPU iPhone OS 7_1_1 like Mac OS X) AppleWebKit/537.51.2 (KHTML, like Gecko) Version/7.0 Mobile/11D201 Safari/9537.53"
66.249.65.115 - - [21/May/2014:17:14:18 -0600] "GET /robots.txt HTTP/1.0" 404 848 "-" "Mozilla/5.0 (compatible; Googlebot/2.1; +http://www.google.com/bot.html)"
66.249.65.102 - - [21/May/2014:17:14:18 -0600] "GET /css/site.css HTTP/1.0" 200 289 "-" "Mozilla/5.0 (compatible; Googlebot/2.1; +http://www.google.com/bot.html)"
66.249.65.89 - - [21/May/2014:17:14:19 -0600] "GET /css/jquery.openCarousel.css HTTP/1.0" 200 304 "-" "Mozilla/5.0 (compatible; Googlebot/2.1; +http://www.google.com/bot.html)"
202.46.53.60 - - [21/May/2014:20:53:18 -0600] "GET / HTTP/1.0" 200 243 "-" "Mozilla/4.0 (compatible; MSIE 7.0; Windows NT 6.0)"
119.63.193.132 - - [21/May/2014:20:53:54 -0600] "GET / HTTP/1.0" 200 243 "-" "Mozilla/4.0 (compatible; MSIE 7.0; Windows NT 6.0)"
180.76.6.16 - - [22/May/2014:03:04:53 -0600] "GET /css/site.css HTTP/1.0" 200 289 "-" "Mozilla/5.0 (compatible; Baiduspider/2.0; +http://www.baidu.com/search/spider.html)"
180.76.6.142 - - [22/May/2014:05:40:49 -0600] "GET /index.html HTTP/1.0" 200 288 "-" "Mozilla/5.0 (compatible; Baiduspider/2.0; +http://www.baidu.com/search/spider.html)"
180.76.5.62 - - [22/May/2014:05:40:49 -0600] "GET / HTTP/1.0" 200 288 "-" "Mozilla/5.0 (compatible; Baiduspider/2.0; +http://www.baidu.com/search/spider.html)"
107.178.219.240 - - [21/May/2014:09:42:54 -0600] "GET / HTTP/1.0" 200 4947 "-" "NerdyBot"
70.208.17.248 - - [21/May/2014:14:06:22 -0600] "GET / HTTP/1.1" 200 1617 "-" "Mozilla/5.0 (iPhone; CPU iPhone OS 7_1_1 like Mac OS X) AppleWebKit/537.51.2 (KHTML, like Gecko) Version/7.0 Mobile/11D201 Safari/9537.53"
70.208.17.248 - - [21/May/2014:14:06:22 -0600] "GET /css/site.css HTTP/1.1" 200 1043 "http://blastsoccerofutah.com/" "Mozilla/5.0 (iPhone; CPU iPhone OS 7_1_1 like Mac OS X) AppleWebKit/537.51.2 (KHTML, like Gecko) Version/7.0 Mobile/11D201 Safari/9537.53"
70.208.17.248 - - [21/May/2014:14:06:22 -0600] "GET /css/jquery.openCarousel.css HTTP/1.1" 200 1211 "http://blastsoccerofutah.com/" "Mozilla/5.0 (iPhone; CPU iPhone OS 7_1_1 like Mac OS X) AppleWebKit/537.51.2 (KHTML, like Gecko) Version/7.0 Mobile/11D201 Safari/9537.53"
70.208.17.248 - - [21/May/2014:14:06:22 -0600] "GET /js/jquery.openCarousel.js HTTP/1.1" 200 19223 "http://blastsoccerofutah.com/" "Mozilla/5.0 (iPhone; CPU iPhone OS 7_1_1 like Mac OS X) AppleWebKit/537.51.2 (KHTML, like Gecko) Version/7.0 Mobile/11D201 Safari/9537.53"
70.208.17.248 - - [21/May/2014:14:06:22 -0600] "GET /images/logo.png HTTP/1.1" 200 18351 "http://blastsoccerofutah.com/" "Mozilla/5.0 (iPhone; CPU iPhone OS 7_1_1 like Mac OS X) AppleWebKit/537.51.2 (KHTML, like Gecko) Version/7.0 Mobile/11D201 Safari/9537.53"
70.208.17.248 - - [21/May/2014:14:06:22 -0600] "GET /images/carousel_1.jpg HTTP/1.1" 200 51755 "http://blastsoccerofutah.com/" "Mozilla/5.0 (iPhone; CPU iPhone OS 7_1_1 like Mac OS X) AppleWebKit/537.51.2 (KHTML, like Gecko) Version/7.0 Mobile/11D201 Safari/9537.53"
70.208.17.248 - - [21/May/2014:14:06:23 -0600] "GET /images/carousel_3.jpg HTTP/1.1" 200 21383 "http://blastsoccerofutah.com/" "Mozilla/5.0 (iPhone; CPU iPhone OS 7_1_1 like Mac OS X) AppleWebKit/537.51.2 (KHTML, like Gecko) Version/7.0 Mobile/11D201 Safari/9537.53"
66.249.65.102 - - [21/May/2014:17:14:18 -0600] "GET /css/site.css HTTP/1.1" 200 1043 "-" "Mozilla/5.0 (compatible; Googlebot/2.1; +http://www.google.com/bot.html)"
66.249.65.89 - - [21/May/2014:17:14:19 -0600] "GET /css/jquery.openCarousel.css HTTP/1.1" 200 1211 "-" "Mozilla/5.0 (compatible; Googlebot/2.1; +http://www.google.com/bot.html)"
202.46.53.60 - - [21/May/2014:20:53:19 -0600] "GET / HTTP/1.1" 200 4947 "-" "Mozilla/4.0 (compatible; MSIE 7.0; Windows NT 6.0)"
119.63.193.132 - - [21/May/2014:20:53:54 -0600] "GET / HTTP/1.1" 200 4947 "-" "Mozilla/4.0 (compatible; MSIE 7.0; Windows NT 6.0)"
180.76.6.16 - - [22/May/2014:03:04:53 -0600] "GET /css/site.css HTTP/1.1" 200 1043 "-" "Mozilla/5.0 (compatible; Baiduspider/2.0; +http://www.baidu.com/search/spider.html)"
180.76.6.142 - - [22/May/2014:05:40:49 -0600] "GET /index.html HTTP/1.1" 200 1617 "-" "Mozilla/5.0 (compatible; Baiduspider/2.0; +http://www.baidu.com/search/spider.html)"
180.76.5.62 - - [22/May/2014:05:40:49 -0600] "GET / HTTP/1.1" 200 1617 "-" "Mozilla/5.0 (compatible; Baiduspider/2.0; +http://www.baidu.com/search/spider.html)"
188.92.76.167 - - [22/May/2014:07:14:10 -0600] "HEAD / HTTP/1.0" 200 310 "http://wmaid.com/explore/blastsoccerofutah.com" "Mozilla/5.0 (compatible; WebMasterAid/1.0; +http://wmaid.com/explore/)"
107.178.218.53 - - [22/May/2014:09:09:25 -0600] "GET / HTTP/1.0" 200 243 "-" "NerdyBot"
67.42.124.237 - - [22/May/2014:09:46:46 -0600] "GET /css/site.css HTTP/1.0" 200 289 "http://blastsoccerofutah.com/index.html" "Mozilla/5.0 (Windows NT 6.1; WOW64) AppleWebKit/537.36 (KHTML, like Gecko) Chrome/34.0.1847.137 Safari/537.36"
67.42.124.237 - - [22/May/2014:09:46:46 -0600] "GET /css/jquery.openCarousel.css HTTP/1.0" 200 304 "http://blastsoccerofutah.com/index.html" "Mozilla/5.0 (Windows NT 6.1; WOW64) AppleWebKit/537.36 (KHTML, like Gecko) Chrome/34.0.1847.137 Safari/537.36"
67.42.124.237 - - [22/May/2014:09:46:46 -0600] "GET /js/site.js HTTP/1.0" 304 155 "http://blastsoccerofutah.com/index.html" "Mozilla/5.0 (Windows NT 6.1; WOW64) AppleWebKit/537.36 (KHTML, like Gecko) Chrome/34.0.1847.137 Safari/537.36"
67.42.124.237 - - [22/May/2014:09:46:46 -0600] "GET /images/logo.png HTTP/1.0" 200 225 "http://blastsoccerofutah.com/index.html" "Mozilla/5.0 (Windows NT 6.1; WOW64) AppleWebKit/537.36 (KHTML, like Gecko) Chrome/34.0.1847.137 Safari/537.36"
67.42.124.237 - - [22/May/2014:09:46:46 -0600] "GET /images/carousel_1.jpg HTTP/1.0" 200 232 "http://blastsoccerofutah.com/index.html" "Mozilla/5.0 (Windows NT 6.1; WOW64) AppleWebKit/537.36 (KHTML, like Gecko) Chrome/34.0.1847.137 Safari/537.36"
67.42.124.237 - - [22/May/2014:09:46:46 -0600] "GET /images/carousel_3.jpg HTTP/1.0" 200 232 "http://blastsoccerofutah.com/index.html" "Mozilla/5.0 (Windows NT 6.1; WOW64) AppleWebKit/537.36 (KHTML, like Gecko) Chrome/34.0.1847.137 Safari/537.36"
67.42.124.237 - - [22/May/2014:09:46:55 -0600] "GET /teams.php HTTP/1.0" 200 853 "http://blastsoccerofutah.com/index.html" "Mozilla/5.0 (Windows NT 6.1; WOW64) AppleWebKit/537.36 (KHTML, like Gecko) Chrome/34.0.1847.137 Safari/537.36"
67.42.124.237 - - [22/May/2014:09:46:57 -0600] "GET /coaches.php HTTP/1.0" 200 848 "http://blastsoccerofutah.com/teams.php" "Mozilla/5.0 (Windows NT 6.1; WOW64) AppleWebKit/537.36 (KHTML, like Gecko) Chrome/34.0.1847.137 Safari/537.36"
67.42.124.237 - - [22/May/2014:09:46:58 -0600] "GET /about.php HTTP/1.0" 200 1140 "http://blastsoccerofutah.com/coaches.php" "Mozilla/5.0 (Windows NT 6.1; WOW64) AppleWebKit/537.36 (KHTML, like Gecko) Chrome/34.0.1847.137 Safari/537.36"
67.166.75.235 - - [22/May/2014:10:38:49 -0600] "GET /index.html HTTP/1.0" 200 288 "-" "Mozilla/5.0 (iPhone; CPU iPhone OS 7_1_1 like Mac OS X) AppleWebKit/537.51.2 (KHTML, like Gecko) Version/7.0 Mobile/11D201 Safari/9537.53"
67.166.75.235 - - [22/May/2014:10:38:50 -0600] "GET /css/site.css HTTP/1.0" 200 289 "http://blastsoccerofutah.com/index.html" "Mozilla/5.0 (iPhone; CPU iPhone OS 7_1_1 like Mac OS X) AppleWebKit/537.51.2 (KHTML, like Gecko) Version/7.0 Mobile/11D201 Safari/9537.53"
67.166.75.235 - - [22/May/2014:10:38:50 -0600] "GET /css/jquery.openCarousel.css HTTP/1.0" 200 304 "http://blastsoccerofutah.com/index.html" "Mozilla/5.0 (iPhone; CPU iPhone OS 7_1_1 like Mac OS X) AppleWebKit/537.51.2 (KHTML, like Gecko) Version/7.0 Mobile/11D201 Safari/9537.53"
67.166.75.235 - - [22/May/2014:10:38:50 -0600] "GET /js/jquery.openCarousel.js HTTP/1.0" 200 316 "http://blastsoccerofutah.com/index.html" "Mozilla/5.0 (iPhone; CPU iPhone OS 7_1_1 like Mac OS X) AppleWebKit/537.51.2 (KHTML, like Gecko) Version/7.0 Mobile/11D201 Safari/9537.53"
67.166.75.235 - - [22/May/2014:10:38:50 -0600] "GET /js/site.js HTTP/1.0" 200 338 "http://blastsoccerofutah.com/index.html" "Mozilla/5.0 (iPhone; CPU iPhone OS 7_1_1 like Mac OS X) AppleWebKit/537.51.2 (KHTML, like Gecko) Version/7.0 Mobile/11D201 Safari/9537.53"
67.166.75.235 - - [22/May/2014:10:38:50 -0600] "GET /images/logo.png HTTP/1.0" 200 225 "http://blastsoccerofutah.com/index.html" "Mozilla/5.0 (iPhone; CPU iPhone OS 7_1_1 like Mac OS X) AppleWebKit/537.51.2 (KHTML, like Gecko) Version/7.0 Mobile/11D201 Safari/9537.53"
67.166.75.235 - - [22/May/2014:10:38:50 -0600] "GET /images/carousel_1.jpg HTTP/1.0" 200 232 "http://blastsoccerofutah.com/index.html" "Mozilla/5.0 (iPhone; CPU iPhone OS 7_1_1 like Mac OS X) AppleWebKit/537.51.2 (KHTML, like Gecko) Version/7.0 Mobile/11D201 Safari/9537.53"
67.166.75.235 - - [22/May/2014:10:38:50 -0600] "GET /images/carousel_3.jpg HTTP/1.0" 200 232 "http://blastsoccerofutah.com/index.html" "Mozilla/5.0 (iPhone; CPU iPhone OS 7_1_1 like Mac OS X) AppleWebKit/537.51.2 (KHTML, like Gecko) Version/7.0 Mobile/11D201 Safari/9537.53"
67.166.75.235 - - [22/May/2014:10:38:57 -0600] "GET /teams.php HTTP/1.0" 200 853 "http://blastsoccerofutah.com/index.html" "Mozilla/5.0 (iPhone; CPU iPhone OS 7_1_1 like Mac OS X) AppleWebKit/537.51.2 (KHTML, like Gecko) Version/7.0 Mobile/11D201 Safari/9537.53"
67.166.75.235 - - [22/May/2014:10:38:59 -0600] "GET /coaches.php HTTP/1.0" 200 848 "http://blastsoccerofutah.com/teams.php" "Mozilla/5.0 (iPhone; CPU iPhone OS 7_1_1 like Mac OS X) AppleWebKit/537.51.2 (KHTML, like Gecko) Version/7.0 Mobile/11D201 Safari/9537.53"
67.166.75.235 - - [22/May/2014:10:39:00 -0600] "GET /academy.php HTTP/1.0" 200 849 "http://blastsoccerofutah.com/coaches.php" "Mozilla/5.0 (iPhone; CPU iPhone OS 7_1_1 like Mac OS X) AppleWebKit/537.51.2 (KHTML, like Gecko) Version/7.0 Mobile/11D201 Safari/9537.53"
67.166.75.235 - - [22/May/2014:10:39:01 -0600] "GET /registration.php HTTP/1.0" 200 849 "http://blastsoccerofutah.com/academy.php" "Mozilla/5.0 (iPhone; CPU iPhone OS 7_1_1 like Mac OS X) AppleWebKit/537.51.2 (KHTML, like Gecko) Version/7.0 Mobile/11D201 Safari/9537.53"
67.166.75.235 - - [22/May/2014:10:39:03 -0600] "GET /fees.php HTTP/1.0" 200 848 "http://blastsoccerofutah.com/registration.php" "Mozilla/5.0 (iPhone; CPU iPhone OS 7_1_1 like Mac OS X) AppleWebKit/537.51.2 (KHTML, like Gecko) Version/7.0 Mobile/11D201 Safari/9537.53"
67.166.75.235 - - [22/May/2014:10:39:04 -0600] "GET /about.php HTTP/1.0" 200 1140 "http://blastsoccerofutah.com/fees.php" "Mozilla/5.0 (iPhone; CPU iPhone OS 7_1_1 like Mac OS X) AppleWebKit/537.51.2 (KHTML, like Gecko) Version/7.0 Mobile/11D201 Safari/9537.53"
66.249.73.55 - - [22/May/2014:14:53:05 -0600] "GET /robots.txt HTTP/1.0" 404 848 "-" "Mozilla/5.0 (compatible; Googlebot/2.1; +http://www.google.com/bot.html)"
66.249.73.55 - - [22/May/2014:14:53:05 -0600] "GET / HTTP/1.0" 200 288 "-" "Mozilla/5.0 (compatible; Googlebot/2.1; +http://www.google.com/bot.html)"
202.46.55.32 - - [22/May/2014:20:51:27 -0600] "GET / HTTP/1.0" 200 243 "-" "Mozilla/4.0 (compatible; MSIE 7.0; Windows NT 6.0)"
119.63.193.132 - - [22/May/2014:20:51:59 -0600] "GET / HTTP/1.0" 200 243 "-" "Mozilla/4.0 (compatible; MSIE 7.0; Windows NT 6.0)"
65.130.163.189 - - [22/May/2014:22:14:05 -0600] "GET /index.html HTTP/1.0" 200 288 "-" "Mozilla/5.0 (X11; CrOS x86_64 5712.61.0) AppleWebKit/537.36 (KHTML, like Gecko) Chrome/35.0.1916.116 Safari/537.36"
65.130.163.189 - - [22/May/2014:22:14:05 -0600] "GET /css/site.css HTTP/1.0" 200 289 "http://blastsoccerofutah.com/index.html" "Mozilla/5.0 (X11; CrOS x86_64 5712.61.0) AppleWebKit/537.36 (KHTML, like Gecko) Chrome/35.0.1916.116 Safari/537.36"
65.130.163.189 - - [22/May/2014:22:14:05 -0600] "GET /js/site.js HTTP/1.0" 200 338 "http://blastsoccerofutah.com/index.html" "Mozilla/5.0 (X11; CrOS x86_64 5712.61.0) AppleWebKit/537.36 (KHTML, like Gecko) Chrome/35.0.1916.116 Safari/537.36"
65.130.163.189 - - [22/May/2014:22:14:05 -0600] "GET /css/jquery.openCarousel.css HTTP/1.0" 200 304 "http://blastsoccerofutah.com/index.html" "Mozilla/5.0 (X11; CrOS x86_64 5712.61.0) AppleWebKit/537.36 (KHTML, like Gecko) Chrome/35.0.1916.116 Safari/537.36"
65.130.163.189 - - [22/May/2014:22:14:05 -0600] "GET /js/jquery.openCarousel.js HTTP/1.0" 200 316 "http://blastsoccerofutah.com/index.html" "Mozilla/5.0 (X11; CrOS x86_64 5712.61.0) AppleWebKit/537.36 (KHTML, like Gecko) Chrome/35.0.1916.116 Safari/537.36"
65.130.163.189 - - [22/May/2014:22:14:05 -0600] "GET /images/logo.png HTTP/1.0" 200 225 "http://blastsoccerofutah.com/index.html" "Mozilla/5.0 (X11; CrOS x86_64 5712.61.0) AppleWebKit/537.36 (KHTML, like Gecko) Chrome/35.0.1916.116 Safari/537.36"
65.130.163.189 - - [22/May/2014:22:14:05 -0600] "GET /images/carousel_1.jpg HTTP/1.0" 200 232 "http://blastsoccerofutah.com/index.html" "Mozilla/5.0 (X11; CrOS x86_64 5712.61.0) AppleWebKit/537.36 (KHTML, like Gecko) Chrome/35.0.1916.116 Safari/537.36"
65.130.163.189 - - [22/May/2014:22:14:05 -0600] "GET /images/carousel_3.jpg HTTP/1.0" 200 232 "http://blastsoccerofutah.com/index.html" "Mozilla/5.0 (X11; CrOS x86_64 5712.61.0) AppleWebKit/537.36 (KHTML, like Gecko) Chrome/35.0.1916.116 Safari/537.36"
65.130.163.189 - - [22/May/2014:22:14:05 -0600] "GET /favicon.ico HTTP/1.0" 404 848 "-" "Mozilla/5.0 (X11; CrOS x86_64 5712.61.0) AppleWebKit/537.36 (KHTML, like Gecko) Chrome/35.0.1916.116 Safari/537.36"
65.130.163.189 - - [22/May/2014:22:16:33 -0600] "GET /teams.php HTTP/1.0" 200 853 "http://blastsoccerofutah.com/index.html" "Mozilla/5.0 (X11; CrOS x86_64 5712.61.0) AppleWebKit/537.36 (KHTML, like Gecko) Chrome/35.0.1916.116 Safari/537.36"
65.130.163.189 - - [22/May/2014:22:16:35 -0600] "GET /about.php HTTP/1.0" 200 1140 "http://blastsoccerofutah.com/teams.php" "Mozilla/5.0 (X11; CrOS x86_64 5712.61.0) AppleWebKit/537.36 (KHTML, like Gecko) Chrome/35.0.1916.116 Safari/537.36"
65.130.163.189 - - [22/May/2014:22:16:38 -0600] "GET /coaches.php HTTP/1.0" 200 848 "http://blastsoccerofutah.com/about.php" "Mozilla/5.0 (X11; CrOS x86_64 5712.61.0) AppleWebKit/537.36 (KHTML, like Gecko) Chrome/35.0.1916.116 Safari/537.36"
180.76.5.189 - - [22/May/2014:23:30:36 -0600] "GET /academy.php HTTP/1.0" 200 849 "-" "Mozilla/5.0 (compatible; Baiduspider/2.0; +http://www.baidu.com/search/spider.html)"
166.137.209.24 - - [23/May/2014:00:03:00 -0600] "GET / HTTP/1.0" 200 288 "-" "Mozilla/5.0 (iPhone; CPU iPhone OS 7_1_1 like Mac OS X) AppleWebKit/537.51.2 (KHTML, like Gecko) Version/7.0 Mobile/11D201 Safari/9537.53"
166.137.209.24 - - [23/May/2014:00:03:00 -0600] "GET /css/site.css HTTP/1.0" 200 289 "http://blastsoccerofutah.com/" "Mozilla/5.0 (iPhone; CPU iPhone OS 7_1_1 like Mac OS X) AppleWebKit/537.51.2 (KHTML, like Gecko) Version/7.0 Mobile/11D201 Safari/9537.53"
166.137.209.24 - - [23/May/2014:00:03:00 -0600] "GET /css/jquery.openCarousel.css HTTP/1.0" 200 304 "http://blastsoccerofutah.com/" "Mozilla/5.0 (iPhone; CPU iPhone OS 7_1_1 like Mac OS X) AppleWebKit/537.51.2 (KHTML, like Gecko) Version/7.0 Mobile/11D201 Safari/9537.53"
166.137.209.24 - - [23/May/2014:00:03:00 -0600] "GET /js/site.js HTTP/1.0" 200 338 "http://blastsoccerofutah.com/" "Mozilla/5.0 (iPhone; CPU iPhone OS 7_1_1 like Mac OS X) AppleWebKit/537.51.2 (KHTML, like Gecko) Version/7.0 Mobile/11D201 Safari/9537.53"
166.137.209.24 - - [23/May/2014:00:03:00 -0600] "GET /js/jquery.openCarousel.js HTTP/1.0" 200 316 "http://blastsoccerofutah.com/" "Mozilla/5.0 (iPhone; CPU iPhone OS 7_1_1 like Mac OS X) AppleWebKit/537.51.2 (KHTML, like Gecko) Version/7.0 Mobile/11D201 Safari/9537.53"
166.137.209.24 - - [23/May/2014:00:03:00 -0600] "GET /images/logo.png HTTP/1.0" 200 225 "http://blastsoccerofutah.com/" "Mozilla/5.0 (iPhone; CPU iPhone OS 7_1_1 like Mac OS X) AppleWebKit/537.51.2 (KHTML, like Gecko) Version/7.0 Mobile/11D201 Safari/9537.53"
166.137.209.24 - - [23/May/2014:00:03:00 -0600] "GET /images/carousel_1.jpg HTTP/1.0" 200 232 "http://blastsoccerofutah.com/" "Mozilla/5.0 (iPhone; CPU iPhone OS 7_1_1 like Mac OS X) AppleWebKit/537.51.2 (KHTML, like Gecko) Version/7.0 Mobile/11D201 Safari/9537.53"
166.137.209.24 - - [23/May/2014:00:03:00 -0600] "GET /images/carousel_3.jpg HTTP/1.0" 200 232 "http://blastsoccerofutah.com/" "Mozilla/5.0 (iPhone; CPU iPhone OS 7_1_1 like Mac OS X) AppleWebKit/537.51.2 (KHTML, like Gecko) Version/7.0 Mobile/11D201 Safari/9537.53"
166.137.209.24 - - [23/May/2014:00:03:22 -0600] "GET /about.php HTTP/1.0" 200 1140 "http://blastsoccerofutah.com/" "Mozilla/5.0 (iPhone; CPU iPhone OS 7_1_1 like Mac OS X) AppleWebKit/537.51.2 (KHTML, like Gecko) Version/7.0 Mobile/11D201 Safari/9537.53"
166.137.209.24 - - [23/May/2014:00:03:24 -0600] "GET /teams.php HTTP/1.0" 200 853 "http://blastsoccerofutah.com/about.php" "Mozilla/5.0 (iPhone; CPU iPhone OS 7_1_1 like Mac OS X) AppleWebKit/537.51.2 (KHTML, like Gecko) Version/7.0 Mobile/11D201 Safari/9537.53"
166.137.209.24 - - [23/May/2014:00:03:29 -0600] "GET /coaches.php HTTP/1.0" 200 848 "http://blastsoccerofutah.com/teams.php" "Mozilla/5.0 (iPhone; CPU iPhone OS 7_1_1 like Mac OS X) AppleWebKit/537.51.2 (KHTML, like Gecko) Version/7.0 Mobile/11D201 Safari/9537.53"
166.137.209.24 - - [23/May/2014:00:03:32 -0600] "GET /academy.php HTTP/1.0" 200 849 "http://blastsoccerofutah.com/coaches.php" "Mozilla/5.0 (iPhone; CPU iPhone OS 7_1_1 like Mac OS X) AppleWebKit/537.51.2 (KHTML, like Gecko) Version/7.0 Mobile/11D201 Safari/9537.53"
166.137.209.24 - - [23/May/2014:00:03:34 -0600] "GET /registration.php HTTP/1.0" 200 849 "http://blastsoccerofutah.com/academy.php" "Mozilla/5.0 (iPhone; CPU iPhone OS 7_1_1 like Mac OS X) AppleWebKit/537.51.2 (KHTML, like Gecko) Version/7.0 Mobile/11D201 Safari/9537.53"
70.208.5.126 - - [23/May/2014:01:46:18 -0600] "GET /js/site.js HTTP/1.0" 200 338 "http://blastsoccerofutah.com/" "Mozilla/5.0 (iPhone; CPU iPhone OS 7_1_1 like Mac OS X) AppleWebKit/537.51.2 (KHTML, like Gecko) Version/7.0 Mobile/11D201 Safari/9537.53"
70.208.5.126 - - [23/May/2014:01:47:23 -0600] "GET /js/site.js HTTP/1.0" 200 338 "http://blastsoccerofutah.com/" "Mozilla/5.0 (iPhone; CPU iPhone OS 7_1_1 like Mac OS X) AppleWebKit/537.51.2 (KHTML, like Gecko) Version/7.0 Mobile/11D201 Safari/9537.53"
180.76.5.65 - - [23/May/2014:02:41:25 -0600] "GET /js/jquery.openCarousel.js HTTP/1.0" 200 316 "-" "Mozilla/5.0 (compatible; Baiduspider/2.0; +http://www.baidu.com/search/spider.html)"
107.178.218.53 - - [22/May/2014:09:09:25 -0600] "GET / HTTP/1.0" 200 4947 "-" "NerdyBot"
67.42.124.237 - - [22/May/2014:09:46:46 -0600] "GET /css/site.css HTTP/1.1" 200 1043 "http://blastsoccerofutah.com/index.html" "Mozilla/5.0 (Windows NT 6.1; WOW64) AppleWebKit/537.36 (KHTML, like Gecko) Chrome/34.0.1847.137 Safari/537.36"
67.42.124.237 - - [22/May/2014:09:46:46 -0600] "GET /css/jquery.openCarousel.css HTTP/1.1" 200 1211 "http://blastsoccerofutah.com/index.html" "Mozilla/5.0 (Windows NT 6.1; WOW64) AppleWebKit/537.36 (KHTML, like Gecko) Chrome/34.0.1847.137 Safari/537.36"
67.42.124.237 - - [22/May/2014:09:46:46 -0600] "GET /images/logo.png HTTP/1.1" 200 18351 "http://blastsoccerofutah.com/index.html" "Mozilla/5.0 (Windows NT 6.1; WOW64) AppleWebKit/537.36 (KHTML, like Gecko) Chrome/34.0.1847.137 Safari/537.36"
67.42.124.237 - - [22/May/2014:09:46:46 -0600] "GET /images/carousel_3.jpg HTTP/1.1" 200 21383 "http://blastsoccerofutah.com/index.html" "Mozilla/5.0 (Windows NT 6.1; WOW64) AppleWebKit/537.36 (KHTML, like Gecko) Chrome/34.0.1847.137 Safari/537.36"
67.42.124.237 - - [22/May/2014:09:46:46 -0600] "GET /images/carousel_1.jpg HTTP/1.1" 200 51755 "http://blastsoccerofutah.com/index.html" "Mozilla/5.0 (Windows NT 6.1; WOW64) AppleWebKit/537.36 (KHTML, like Gecko) Chrome/34.0.1847.137 Safari/537.36"
67.166.75.235 - - [22/May/2014:10:38:49 -0600] "GET /index.html HTTP/1.1" 200 1617 "-" "Mozilla/5.0 (iPhone; CPU iPhone OS 7_1_1 like Mac OS X) AppleWebKit/537.51.2 (KHTML, like Gecko) Version/7.0 Mobile/11D201 Safari/9537.53"
67.166.75.235 - - [22/May/2014:10:38:50 -0600] "GET /css/site.css HTTP/1.1" 200 1043 "http://blastsoccerofutah.com/index.html" "Mozilla/5.0 (iPhone; CPU iPhone OS 7_1_1 like Mac OS X) AppleWebKit/537.51.2 (KHTML, like Gecko) Version/7.0 Mobile/11D201 Safari/9537.53"
67.166.75.235 - - [22/May/2014:10:38:50 -0600] "GET /css/jquery.openCarousel.css HTTP/1.1" 200 1211 "http://blastsoccerofutah.com/index.html" "Mozilla/5.0 (iPhone; CPU iPhone OS 7_1_1 like Mac OS X) AppleWebKit/537.51.2 (KHTML, like Gecko) Version/7.0 Mobile/11D201 Safari/9537.53"
67.166.75.235 - - [22/May/2014:10:38:50 -0600] "GET /js/jquery.openCarousel.js HTTP/1.1" 200 19223 "http://blastsoccerofutah.com/index.html" "Mozilla/5.0 (iPhone; CPU iPhone OS 7_1_1 like Mac OS X) AppleWebKit/537.51.2 (KHTML, like Gecko) Version/7.0 Mobile/11D201 Safari/9537.53"
67.166.75.235 - - [22/May/2014:10:38:50 -0600] "GET /images/logo.png HTTP/1.1" 200 18351 "http://blastsoccerofutah.com/index.html" "Mozilla/5.0 (iPhone; CPU iPhone OS 7_1_1 like Mac OS X) AppleWebKit/537.51.2 (KHTML, like Gecko) Version/7.0 Mobile/11D201 Safari/9537.53"
67.166.75.235 - - [22/May/2014:10:38:50 -0600] "GET /images/carousel_1.jpg HTTP/1.1" 200 51755 "http://blastsoccerofutah.com/index.html" "Mozilla/5.0 (iPhone; CPU iPhone OS 7_1_1 like Mac OS X) AppleWebKit/537.51.2 (KHTML, like Gecko) Version/7.0 Mobile/11D201 Safari/9537.53"
67.166.75.235 - - [22/May/2014:10:38:50 -0600] "GET /images/carousel_3.jpg HTTP/1.1" 200 21383 "http://blastsoccerofutah.com/index.html" "Mozilla/5.0 (iPhone; CPU iPhone OS 7_1_1 like Mac OS X) AppleWebKit/537.51.2 (KHTML, like Gecko) Version/7.0 Mobile/11D201 Safari/9537.53"
66.249.73.55 - - [22/May/2014:14:53:05 -0600] "GET / HTTP/1.1" 200 1617 "-" "Mozilla/5.0 (compatible; Googlebot/2.1; +http://www.google.com/bot.html)"
202.46.55.32 - - [22/May/2014:20:51:27 -0600] "GET / HTTP/1.1" 200 4947 "-" "Mozilla/4.0 (compatible; MSIE 7.0; Windows NT 6.0)"
119.63.193.132 - - [22/May/2014:20:51:59 -0600] "GET / HTTP/1.1" 200 4947 "-" "Mozilla/4.0 (compatible; MSIE 7.0; Windows NT 6.0)"
65.130.163.189 - - [22/May/2014:22:14:05 -0600] "GET /index.html HTTP/1.1" 200 1617 "-" "Mozilla/5.0 (X11; CrOS x86_64 5712.61.0) AppleWebKit/537.36 (KHTML, like Gecko) Chrome/35.0.1916.116 Safari/537.36"
65.130.163.189 - - [22/May/2014:22:14:05 -0600] "GET /css/site.css HTTP/1.1" 200 1043 "http://blastsoccerofutah.com/index.html" "Mozilla/5.0 (X11; CrOS x86_64 5712.61.0) AppleWebKit/537.36 (KHTML, like Gecko) Chrome/35.0.1916.116 Safari/537.36"
65.130.163.189 - - [22/May/2014:22:14:05 -0600] "GET /css/jquery.openCarousel.css HTTP/1.1" 200 1211 "http://blastsoccerofutah.com/index.html" "Mozilla/5.0 (X11; CrOS x86_64 5712.61.0) AppleWebKit/537.36 (KHTML, like Gecko) Chrome/35.0.1916.116 Safari/537.36"
65.130.163.189 - - [22/May/2014:22:14:05 -0600] "GET /js/jquery.openCarousel.js HTTP/1.1" 200 19223 "http://blastsoccerofutah.com/index.html" "Mozilla/5.0 (X11; CrOS x86_64 5712.61.0) AppleWebKit/537.36 (KHTML, like Gecko) Chrome/35.0.1916.116 Safari/537.36"
65.130.163.189 - - [22/May/2014:22:14:05 -0600] "GET /images/logo.png HTTP/1.1" 200 18351 "http://blastsoccerofutah.com/index.html" "Mozilla/5.0 (X11; CrOS x86_64 5712.61.0) AppleWebKit/537.36 (KHTML, like Gecko) Chrome/35.0.1916.116 Safari/537.36"
65.130.163.189 - - [22/May/2014:22:14:05 -0600] "GET /images/carousel_1.jpg HTTP/1.1" 200 51755 "http://blastsoccerofutah.com/index.html" "Mozilla/5.0 (X11; CrOS x86_64 5712.61.0) AppleWebKit/537.36 (KHTML, like Gecko) Chrome/35.0.1916.116 Safari/537.36"
65.130.163.189 - - [22/May/2014:22:14:05 -0600] "GET /images/carousel_3.jpg HTTP/1.1" 200 21383 "http://blastsoccerofutah.com/index.html" "Mozilla/5.0 (X11; CrOS x86_64 5712.61.0) AppleWebKit/537.36 (KHTML, like Gecko) Chrome/35.0.1916.116 Safari/537.36"
166.137.209.24 - - [23/May/2014:00:03:00 -0600] "GET / HTTP/1.1" 200 1617 "-" "Mozilla/5.0 (iPhone; CPU iPhone OS 7_1_1 like Mac OS X) AppleWebKit/537.51.2 (KHTML, like Gecko) Version/7.0 Mobile/11D201 Safari/9537.53"
166.137.209.24 - - [23/May/2014:00:03:00 -0600] "GET /css/site.css HTTP/1.1" 200 1043 "http://blastsoccerofutah.com/" "Mozilla/5.0 (iPhone; CPU iPhone OS 7_1_1 like Mac OS X) AppleWebKit/537.51.2 (KHTML, like Gecko) Version/7.0 Mobile/11D201 Safari/9537.53"
166.137.209.24 - - [23/May/2014:00:03:00 -0600] "GET /css/jquery.openCarousel.css HTTP/1.1" 200 1211 "http://blastsoccerofutah.com/" "Mozilla/5.0 (iPhone; CPU iPhone OS 7_1_1 like Mac OS X) AppleWebKit/537.51.2 (KHTML, like Gecko) Version/7.0 Mobile/11D201 Safari/9537.53"
166.137.209.24 - - [23/May/2014:00:03:00 -0600] "GET /js/jquery.openCarousel.js HTTP/1.1" 200 19223 "http://blastsoccerofutah.com/" "Mozilla/5.0 (iPhone; CPU iPhone OS 7_1_1 like Mac OS X) AppleWebKit/537.51.2 (KHTML, like Gecko) Version/7.0 Mobile/11D201 Safari/9537.53"
166.137.209.24 - - [23/May/2014:00:03:00 -0600] "GET /images/logo.png HTTP/1.1" 200 18351 "http://blastsoccerofutah.com/" "Mozilla/5.0 (iPhone; CPU iPhone OS 7_1_1 like Mac OS X) AppleWebKit/537.51.2 (KHTML, like Gecko) Version/7.0 Mobile/11D201 Safari/9537.53"
166.137.209.24 - - [23/May/2014:00:03:00 -0600] "GET /images/carousel_1.jpg HTTP/1.1" 200 51755 "http://blastsoccerofutah.com/" "Mozilla/5.0 (iPhone; CPU iPhone OS 7_1_1 like Mac OS X) AppleWebKit/537.51.2 (KHTML, like Gecko) Version/7.0 Mobile/11D201 Safari/9537.53"
166.137.209.24 - - [23/May/2014:00:03:00 -0600] "GET /images/carousel_3.jpg HTTP/1.1" 200 21383 "http://blastsoccerofutah.com/" "Mozilla/5.0 (iPhone; CPU iPhone OS 7_1_1 like Mac OS X) AppleWebKit/537.51.2 (KHTML, like Gecko) Version/7.0 Mobile/11D201 Safari/9537.53"
180.76.5.65 - - [23/May/2014:02:41:25 -0600] "GET /js/jquery.openCarousel.js HTTP/1.1" 200 19223 "-" "Mozilla/5.0 (compatible; Baiduspider/2.0; +http://www.baidu.com/search/spider.html)"
107.178.217.192 - - [23/May/2014:09:08:32 -0600] "GET / HTTP/1.0" 200 243 "-" "NerdyBot"
81.177.135.41 - - [23/May/2014:10:38:04 -0600] "GET /administrator/ HTTP/1.0" 404 1235 "http://BLASTSOCCEROFUTAH.com" "Mozilla/5.0 (Windows; U; Windows NT 5.1; en-US) AppleWebKit/533.4 (KHTML, like Gecko) Chrome/5.0.375.99 Safari/533.4"
66.249.73.55 - - [23/May/2014:12:55:13 -0600] "GET /robots.txt HTTP/1.0" 404 848 "-" "Mozilla/5.0 (compatible; Googlebot/2.1; +http://www.google.com/bot.html)"
66.249.73.55 - - [23/May/2014:12:55:13 -0600] "GET / HTTP/1.0" 200 288 "-" "Mozilla/5.0 (compatible; Googlebot/2.1; +http://www.google.com/bot.html)"
64.246.165.190 - - [23/May/2014:13:45:32 -0600] "GET / HTTP/1.0" 200 288 "http://whois.domaintools.com/blastsoccerofutah.com" "Mozilla/5.0 (Windows; U; Windows NT 5.1; en; rv:1.9.0.13) Gecko/2009073022 Firefox/3.5.2 (.NET CLR 3.5.30729) SurveyBot/2.3 (DomainTools)"
157.55.33.15 - - [23/May/2014:15:58:47 -0600] "GET /robots.txt HTTP/1.0" 404 1235 "-" "Mozilla/5.0 (compatible; bingbot/2.0; +http://www.bing.com/bingbot.htm)"
157.55.33.15 - - [23/May/2014:16:01:50 -0600] "GET / HTTP/1.0" 200 288 "-" "Mozilla/5.0 (compatible; bingbot/2.0; +http://www.bing.com/bingbot.htm)"
180.76.6.137 - - [23/May/2014:21:18:28 -0600] "GET /about.php HTTP/1.0" 200 1140 "-" "Mozilla/5.0 (compatible; Baiduspider/2.0; +http://www.baidu.com/search/spider.html)"
216.172.56.37 - - [24/May/2014:04:20:00 -0600] "GET / HTTP/1.0" 200 288 "http://privhosting.com/" "Mozilla/5.0 (compatible; MSIE 10.0; Windows NT 6.1; WOW64; Trident/6.0)"
107.178.217.192 - - [23/May/2014:09:08:32 -0600] "GET / HTTP/1.0" 200 4947 "-" "NerdyBot"
66.249.73.55 - - [23/May/2014:12:55:13 -0600] "GET / HTTP/1.1" 200 1617 "-" "Mozilla/5.0 (compatible; Googlebot/2.1; +http://www.google.com/bot.html)"
64.246.165.190 - - [23/May/2014:13:45:32 -0600] "GET /robots.txt HTTP/1.0" 301 178 "-" "Mozilla/5.0 (Windows; U; Windows NT 5.1; en; rv:1.9.0.13) Gecko/2009073022 Firefox/3.5.2 (.NET CLR 3.5.30729) SurveyBot/2.3 (DomainTools)"
64.246.165.190 - - [23/May/2014:13:45:32 -0600] "GET / HTTP/1.1" 301 178 "http://whois.domaintools.com/blastsoccerofutah.com" "Mozilla/5.0 (Windows; U; Windows NT 5.1; en; rv:1.9.0.13) Gecko/2009073022 Firefox/3.5.2 (.NET CLR 3.5.30729) SurveyBot/2.3 (DomainTools)"
64.246.165.190 - - [23/May/2014:13:45:32 -0600] "GET / HTTP/1.1" 200 1617 "http://whois.domaintools.com/blastsoccerofutah.com" "Mozilla/5.0 (Windows; U; Windows NT 5.1; en; rv:1.9.0.13) Gecko/2009073022 Firefox/3.5.2 (.NET CLR 3.5.30729) SurveyBot/2.3 (DomainTools)"
157.55.33.15 - - [23/May/2014:16:01:50 -0600] "GET / HTTP/1.1" 200 1617 "-" "Mozilla/5.0 (compatible; bingbot/2.0; +http://www.bing.com/bingbot.htm)"
216.172.56.37 - - [24/May/2014:04:20:00 -0600] "GET / HTTP/1.1" 200 1617 "http://privhosting.com/" "Mozilla/5.0 (compatible; MSIE 10.0; Windows NT 6.1; WOW64; Trident/6.0)"
107.178.217.231 - - [24/May/2014:09:09:44 -0600] "GET / HTTP/1.0" 200 243 "-" "NerdyBot"
189.252.77.191 - - [24/May/2014:10:53:45 -0600] "GET / HTTP/1.0" 200 288 "-" "Mozilla/5.0 (iPhone; CPU iPhone OS 7_1_1 like Mac OS X) AppleWebKit/537.51.2 (KHTML, like Gecko) Version/7.0 Mobile/11D201 Safari/9537.53"
66.249.73.55 - - [24/May/2014:11:26:44 -0600] "GET /robots.txt HTTP/1.0" 404 848 "-" "Mozilla/5.0 (compatible; Googlebot/2.1; +http://www.google.com/bot.html)"
66.249.73.55 - - [24/May/2014:11:26:44 -0600] "GET / HTTP/1.0" 200 288 "-" "Mozilla/5.0 (compatible; Googlebot/2.1; +http://www.google.com/bot.html)"
180.76.5.18 - - [24/May/2014:11:29:39 -0600] "GET /contact.php HTTP/1.0" 200 1262 "-" "Mozilla/5.0 (compatible; Baiduspider/2.0; +http://www.baidu.com/search/spider.html)"
66.249.73.55 - - [24/May/2014:12:28:35 -0600] "GET / HTTP/1.0" 200 288 "-" "Mozilla/5.0 (compatible; Googlebot/2.1; +http://www.google.com/bot.html)"
65.130.215.159 - - [24/May/2014:16:56:32 -0600] "GET / HTTP/1.0" 200 288 "-" "Mozilla/5.0 (Windows NT 6.0) AppleWebKit/537.36 (KHTML, like Gecko) Chrome/35.0.1916.114 Safari/537.36"
65.130.215.159 - - [24/May/2014:16:56:33 -0600] "GET /css/site.css HTTP/1.0" 200 289 "http://blastsoccerofutah.com/" "Mozilla/5.0 (Windows NT 6.0) AppleWebKit/537.36 (KHTML, like Gecko) Chrome/35.0.1916.114 Safari/537.36"
65.130.215.159 - - [24/May/2014:16:56:33 -0600] "GET /js/site.js HTTP/1.0" 200 338 "http://blastsoccerofutah.com/" "Mozilla/5.0 (Windows NT 6.0) AppleWebKit/537.36 (KHTML, like Gecko) Chrome/35.0.1916.114 Safari/537.36"
65.130.215.159 - - [24/May/2014:16:56:33 -0600] "GET /css/jquery.openCarousel.css HTTP/1.0" 200 304 "http://blastsoccerofutah.com/" "Mozilla/5.0 (Windows NT 6.0) AppleWebKit/537.36 (KHTML, like Gecko) Chrome/35.0.1916.114 Safari/537.36"
65.130.215.159 - - [24/May/2014:16:56:33 -0600] "GET /images/carousel_3.jpg HTTP/1.0" 200 232 "http://blastsoccerofutah.com/" "Mozilla/5.0 (Windows NT 6.0) AppleWebKit/537.36 (KHTML, like Gecko) Chrome/35.0.1916.114 Safari/537.36"
65.130.215.159 - - [24/May/2014:16:56:33 -0600] "GET /js/jquery.openCarousel.js HTTP/1.0" 200 316 "http://blastsoccerofutah.com/" "Mozilla/5.0 (Windows NT 6.0) AppleWebKit/537.36 (KHTML, like Gecko) Chrome/35.0.1916.114 Safari/537.36"
65.130.215.159 - - [24/May/2014:16:56:33 -0600] "GET /images/logo.png HTTP/1.0" 200 225 "http://blastsoccerofutah.com/" "Mozilla/5.0 (Windows NT 6.0) AppleWebKit/537.36 (KHTML, like Gecko) Chrome/35.0.1916.114 Safari/537.36"
65.130.215.159 - - [24/May/2014:16:56:33 -0600] "GET /images/carousel_1.jpg HTTP/1.0" 200 232 "http://blastsoccerofutah.com/" "Mozilla/5.0 (Windows NT 6.0) AppleWebKit/537.36 (KHTML, like Gecko) Chrome/35.0.1916.114 Safari/537.36"
65.130.215.159 - - [24/May/2014:16:56:33 -0600] "GET /favicon.ico HTTP/1.0" 404 848 "-" "Mozilla/5.0 (Windows NT 6.0) AppleWebKit/537.36 (KHTML, like Gecko) Chrome/35.0.1916.114 Safari/537.36"
65.130.215.159 - - [24/May/2014:16:56:56 -0600] "GET /about.php HTTP/1.0" 200 1140 "http://blastsoccerofutah.com/" "Mozilla/5.0 (Windows NT 6.0) AppleWebKit/537.36 (KHTML, like Gecko) Chrome/35.0.1916.114 Safari/537.36"
65.130.215.159 - - [24/May/2014:16:57:02 -0600] "GET /teams.php HTTP/1.0" 200 853 "http://blastsoccerofutah.com/about.php" "Mozilla/5.0 (Windows NT 6.0) AppleWebKit/537.36 (KHTML, like Gecko) Chrome/35.0.1916.114 Safari/537.36"
65.130.215.159 - - [24/May/2014:16:57:04 -0600] "GET /coaches.php HTTP/1.0" 200 848 "http://blastsoccerofutah.com/teams.php" "Mozilla/5.0 (Windows NT 6.0) AppleWebKit/537.36 (KHTML, like Gecko) Chrome/35.0.1916.114 Safari/537.36"
65.130.215.159 - - [24/May/2014:16:57:06 -0600] "GET /academy.php HTTP/1.0" 200 849 "http://blastsoccerofutah.com/coaches.php" "Mozilla/5.0 (Windows NT 6.0) AppleWebKit/537.36 (KHTML, like Gecko) Chrome/35.0.1916.114 Safari/537.36"
65.130.215.159 - - [24/May/2014:16:57:08 -0600] "GET /registration.php HTTP/1.0" 200 849 "http://blastsoccerofutah.com/academy.php" "Mozilla/5.0 (Windows NT 6.0) AppleWebKit/537.36 (KHTML, like Gecko) Chrome/35.0.1916.114 Safari/537.36"
65.130.215.159 - - [24/May/2014:16:57:10 -0600] "GET /fees.php HTTP/1.0" 200 848 "http://blastsoccerofutah.com/registration.php" "Mozilla/5.0 (Windows NT 6.0) AppleWebKit/537.36 (KHTML, like Gecko) Chrome/35.0.1916.114 Safari/537.36"
65.130.215.159 - - [24/May/2014:16:57:15 -0600] "GET /about.php HTTP/1.0" 200 1140 "http://blastsoccerofutah.com/fees.php" "Mozilla/5.0 (Windows NT 6.0) AppleWebKit/537.36 (KHTML, like Gecko) Chrome/35.0.1916.114 Safari/537.36"
65.130.215.159 - - [24/May/2014:16:57:16 -0600] "GET /index.html HTTP/1.0" 200 288 "http://blastsoccerofutah.com/about.php" "Mozilla/5.0 (Windows NT 6.0) AppleWebKit/537.36 (KHTML, like Gecko) Chrome/35.0.1916.114 Safari/537.36"
66.249.73.55 - - [24/May/2014:19:22:20 -0600] "GET / HTTP/1.0" 200 288 "-" "Mozilla/5.0 (compatible; Googlebot/2.1; +http://www.google.com/bot.html)"
66.249.73.55 - - [24/May/2014:19:33:24 -0600] "GET /css/jquery.openCarousel.css HTTP/1.0" 200 304 "-" "Mozilla/5.0 (compatible; Googlebot/2.1; +http://www.google.com/bot.html)"
66.249.73.55 - - [24/May/2014:19:33:25 -0600] "GET /css/site.css HTTP/1.0" 200 289 "-" "Mozilla/5.0 (compatible; Googlebot/2.1; +http://www.google.com/bot.html)"
188.92.76.167 - - [24/May/2014:21:10:19 -0600] "HEAD / HTTP/1.0" 200 310 "http://wmaid.com/explore/blastsoccerofutah.com" "Mozilla/5.0 (compatible; WebMasterAid/1.0; +http://wmaid.com/explore/)"
50.73.47.138 - - [25/May/2014:00:06:04 -0600] "GET /js/site.js HTTP/1.0" 304 155 "http://blastsoccerofutah.com/index.html" "Mozilla/5.0 (X11; CrOS x86_64 5712.61.0) AppleWebKit/537.36 (KHTML, like Gecko) Chrome/35.0.1916.116 Safari/537.36"
50.73.47.138 - - [25/May/2014:00:06:05 -0600] "GET /favicon.ico HTTP/1.0" 404 848 "-" "Mozilla/5.0 (X11; CrOS x86_64 5712.61.0) AppleWebKit/537.36 (KHTML, like Gecko) Chrome/35.0.1916.116 Safari/537.36"
50.73.47.138 - - [25/May/2014:00:06:10 -0600] "GET /coaches.php HTTP/1.0" 200 848 "http://blastsoccerofutah.com/index.html" "Mozilla/5.0 (X11; CrOS x86_64 5712.61.0) AppleWebKit/537.36 (KHTML, like Gecko) Chrome/35.0.1916.116 Safari/537.36"
50.73.47.138 - - [25/May/2014:00:06:12 -0600] "GET /about.php HTTP/1.0" 200 1140 "http://blastsoccerofutah.com/coaches.php" "Mozilla/5.0 (X11; CrOS x86_64 5712.61.0) AppleWebKit/537.36 (KHTML, like Gecko) Chrome/35.0.1916.116 Safari/537.36"
107.170.136.225 - - [25/May/2014:02:22:02 -0600] "GET / HTTP/1.0" 200 288 "-" "Comodo-Webinspector-Crawler 2.1"
107.170.136.225 - - [25/May/2014:02:22:02 -0600] "GET /contact.php HTTP/1.0" 200 1262 "-" "Comodo-Webinspector-Crawler 2.1"
180.76.6.144 - - [25/May/2014:04:01:43 -0600] "GET /registration.php HTTP/1.0" 200 849 "-" "Mozilla/5.0 (compatible; Baiduspider/2.0; +http://www.baidu.com/search/spider.html)"
107.178.217.231 - - [24/May/2014:09:09:44 -0600] "GET / HTTP/1.0" 200 4947 "-" "NerdyBot"
189.252.77.191 - - [24/May/2014:10:53:45 -0600] "GET / HTTP/1.1" 200 1617 "-" "Mozilla/5.0 (iPhone; CPU iPhone OS 7_1_1 like Mac OS X) AppleWebKit/537.51.2 (KHTML, like Gecko) Version/7.0 Mobile/11D201 Safari/9537.53"
66.249.73.55 - - [24/May/2014:11:26:44 -0600] "GET / HTTP/1.1" 200 1617 "-" "Mozilla/5.0 (compatible; Googlebot/2.1; +http://www.google.com/bot.html)"
66.249.73.55 - - [24/May/2014:12:28:35 -0600] "GET / HTTP/1.1" 200 1617 "-" "Mozilla/5.0 (compatible; Googlebot/2.1; +http://www.google.com/bot.html)"
65.130.215.159 - - [24/May/2014:16:56:32 -0600] "GET / HTTP/1.1" 301 178 "-" "Mozilla/5.0 (Windows NT 6.0) AppleWebKit/537.36 (KHTML, like Gecko) Chrome/35.0.1916.114 Safari/537.36"
65.130.215.159 - - [24/May/2014:16:56:32 -0600] "GET / HTTP/1.1" 200 1617 "-" "Mozilla/5.0 (Windows NT 6.0) AppleWebKit/537.36 (KHTML, like Gecko) Chrome/35.0.1916.114 Safari/537.36"
65.130.215.159 - - [24/May/2014:16:56:33 -0600] "GET /css/site.css HTTP/1.1" 200 1043 "http://blastsoccerofutah.com/" "Mozilla/5.0 (Windows NT 6.0) AppleWebKit/537.36 (KHTML, like Gecko) Chrome/35.0.1916.114 Safari/537.36"
65.130.215.159 - - [24/May/2014:16:56:33 -0600] "GET /css/jquery.openCarousel.css HTTP/1.1" 200 1211 "http://blastsoccerofutah.com/" "Mozilla/5.0 (Windows NT 6.0) AppleWebKit/537.36 (KHTML, like Gecko) Chrome/35.0.1916.114 Safari/537.36"
65.130.215.159 - - [24/May/2014:16:56:33 -0600] "GET /images/carousel_3.jpg HTTP/1.1" 200 21383 "http://blastsoccerofutah.com/" "Mozilla/5.0 (Windows NT 6.0) AppleWebKit/537.36 (KHTML, like Gecko) Chrome/35.0.1916.114 Safari/537.36"
65.130.215.159 - - [24/May/2014:16:56:33 -0600] "GET /js/jquery.openCarousel.js HTTP/1.1" 200 19223 "http://blastsoccerofutah.com/" "Mozilla/5.0 (Windows NT 6.0) AppleWebKit/537.36 (KHTML, like Gecko) Chrome/35.0.1916.114 Safari/537.36"
65.130.215.159 - - [24/May/2014:16:56:33 -0600] "GET /images/logo.png HTTP/1.1" 200 18351 "http://blastsoccerofutah.com/" "Mozilla/5.0 (Windows NT 6.0) AppleWebKit/537.36 (KHTML, like Gecko) Chrome/35.0.1916.114 Safari/537.36"
65.130.215.159 - - [24/May/2014:16:56:33 -0600] "GET /images/carousel_1.jpg HTTP/1.1" 200 51755 "http://blastsoccerofutah.com/" "Mozilla/5.0 (Windows NT 6.0) AppleWebKit/537.36 (KHTML, like Gecko) Chrome/35.0.1916.114 Safari/537.36"
65.130.215.159 - - [24/May/2014:16:57:16 -0600] "GET /index.html HTTP/1.1" 200 1617 "http://blastsoccerofutah.com/about.php" "Mozilla/5.0 (Windows NT 6.0) AppleWebKit/537.36 (KHTML, like Gecko) Chrome/35.0.1916.114 Safari/537.36"
66.249.73.55 - - [24/May/2014:19:22:20 -0600] "GET / HTTP/1.1" 200 1617 "-" "Mozilla/5.0 (compatible; Googlebot/2.1; +http://www.google.com/bot.html)"
66.249.73.55 - - [24/May/2014:19:33:24 -0600] "GET /css/jquery.openCarousel.css HTTP/1.1" 200 1211 "-" "Mozilla/5.0 (compatible; Googlebot/2.1; +http://www.google.com/bot.html)"
66.249.73.55 - - [24/May/2014:19:33:25 -0600] "GET /css/site.css HTTP/1.1" 200 1043 "-" "Mozilla/5.0 (compatible; Googlebot/2.1; +http://www.google.com/bot.html)"
107.170.136.225 - - [25/May/2014:02:22:02 -0600] "GET / HTTP/1.1" 200 1617 "-" "Comodo-Webinspector-Crawler 2.1"
107.178.216.238 - - [25/May/2014:09:07:52 -0600] "GET / HTTP/1.0" 200 243 "-" "NerdyBot"
91.208.16.231 - - [25/May/2014:13:02:16 -0600] "GET /wp-login.php HTTP/1.0" 404 848 "-" "Mozilla/5.0 (Windows NT 5.1) AppleWebKit/537.1 (KHTML, like Gecko) Chrome/24.0.1309.0 Safari/537.17"
91.208.16.231 - - [25/May/2014:13:02:17 -0600] "GET /administrator/ HTTP/1.0" 404 848 "-" "Mozilla/5.0 (Windows NT 5.1) AppleWebKit/537.1 (KHTML, like Gecko) Chrome/24.0.1309.0 Safari/537.17"
91.208.16.231 - - [25/May/2014:13:02:17 -0600] "GET /admin.php HTTP/1.0" 404 848 "-" "Mozilla/5.0 (Windows NT 5.1) AppleWebKit/537.1 (KHTML, like Gecko) Chrome/24.0.1309.0 Safari/537.17"
66.249.73.55 - - [25/May/2014:14:53:05 -0600] "GET /robots.txt HTTP/1.0" 404 848 "-" "Mozilla/5.0 (compatible; Googlebot/2.1; +http://www.google.com/bot.html)"
66.249.73.55 - - [25/May/2014:14:53:05 -0600] "GET / HTTP/1.0" 200 288 "-" "Mozilla/5.0 (compatible; Googlebot/2.1; +http://www.google.com/bot.html)"
202.46.55.23 - - [25/May/2014:20:44:25 -0600] "GET / HTTP/1.0" 200 243 "-" "Mozilla/4.0 (compatible; MSIE 7.0; Windows NT 6.0)"
119.63.193.196 - - [25/May/2014:20:44:35 -0600] "GET / HTTP/1.0" 200 243 "-" "Mozilla/4.0 (compatible; MSIE 7.0; Windows NT 6.0)"
86.61.68.223 - - [26/May/2014:03:09:24 -0600] "GET /index.php?option=com_community&view=frontpage HTTP/1.0" 404 1235 "-" "Mozilla/5.0 (Windows NT 6.2; Win64; x64) AppleWebKit/537.36 (KHTML, like Gecko) Chrome/32.0.1667.0 Safari/537.36"
107.178.216.238 - - [25/May/2014:09:07:52 -0600] "GET / HTTP/1.0" 200 4947 "-" "NerdyBot"
66.249.73.55 - - [25/May/2014:14:53:05 -0600] "GET / HTTP/1.1" 200 1617 "-" "Mozilla/5.0 (compatible; Googlebot/2.1; +http://www.google.com/bot.html)"
202.46.55.23 - - [25/May/2014:20:44:26 -0600] "GET / HTTP/1.1" 200 4947 "-" "Mozilla/4.0 (compatible; MSIE 7.0; Windows NT 6.0)"
119.63.193.196 - - [25/May/2014:20:44:35 -0600] "GET / HTTP/1.1" 200 4947 "-" "Mozilla/4.0 (compatible; MSIE 7.0; Windows NT 6.0)"
188.92.76.167 - - [26/May/2014:07:37:10 -0600] "HEAD / HTTP/1.0" 200 310 "http://www.google.com/search?q=installerex+official+website" "Mozilla/5.0 (Windows NT 6.1) AppleWebKit/537.17 (KHTML, like Gecko) Chrome/24.0.1312.60 Safari/537.17"
188.92.76.167 - - [26/May/2014:07:37:10 -0600] "HEAD / HTTP/1.0" 200 310 "http://www.google.com/search?q=installerex+official+website" "Opera/9.80 (Windows NT 6.1; Win64; x64) Presto/2.12.388 Version/12.14"
107.178.221.154 - - [26/May/2014:09:08:34 -0600] "GET / HTTP/1.0" 200 243 "-" "NerdyBot"
70.220.101.254 - - [26/May/2014:12:41:07 -0600] "GET / HTTP/1.0" 200 288 "-" "Mozilla/5.0 (iPhone; CPU iPhone OS 7_1_1 like Mac OS X) AppleWebKit/537.51.2 (KHTML, like Gecko) Version/7.0 Mobile/11D201 Safari/9537.53"
70.220.101.254 - - [26/May/2014:12:41:07 -0600] "GET /css/site.css HTTP/1.0" 200 289 "http://blastsoccerofutah.com/" "Mozilla/5.0 (iPhone; CPU iPhone OS 7_1_1 like Mac OS X) AppleWebKit/537.51.2 (KHTML, like Gecko) Version/7.0 Mobile/11D201 Safari/9537.53"
70.220.101.254 - - [26/May/2014:12:41:07 -0600] "GET /css/jquery.openCarousel.css HTTP/1.0" 200 304 "http://blastsoccerofutah.com/" "Mozilla/5.0 (iPhone; CPU iPhone OS 7_1_1 like Mac OS X) AppleWebKit/537.51.2 (KHTML, like Gecko) Version/7.0 Mobile/11D201 Safari/9537.53"
70.220.101.254 - - [26/May/2014:12:41:08 -0600] "GET /js/site.js HTTP/1.0" 200 338 "http://blastsoccerofutah.com/" "Mozilla/5.0 (iPhone; CPU iPhone OS 7_1_1 like Mac OS X) AppleWebKit/537.51.2 (KHTML, like Gecko) Version/7.0 Mobile/11D201 Safari/9537.53"
70.220.101.254 - - [26/May/2014:12:41:08 -0600] "GET /js/jquery.openCarousel.js HTTP/1.0" 200 316 "http://blastsoccerofutah.com/" "Mozilla/5.0 (iPhone; CPU iPhone OS 7_1_1 like Mac OS X) AppleWebKit/537.51.2 (KHTML, like Gecko) Version/7.0 Mobile/11D201 Safari/9537.53"
70.220.101.254 - - [26/May/2014:12:41:09 -0600] "GET /images/logo.png HTTP/1.0" 200 225 "http://blastsoccerofutah.com/" "Mozilla/5.0 (iPhone; CPU iPhone OS 7_1_1 like Mac OS X) AppleWebKit/537.51.2 (KHTML, like Gecko) Version/7.0 Mobile/11D201 Safari/9537.53"
70.220.101.254 - - [26/May/2014:12:41:09 -0600] "GET /images/carousel_3.jpg HTTP/1.0" 200 232 "http://blastsoccerofutah.com/" "Mozilla/5.0 (iPhone; CPU iPhone OS 7_1_1 like Mac OS X) AppleWebKit/537.51.2 (KHTML, like Gecko) Version/7.0 Mobile/11D201 Safari/9537.53"
70.220.101.254 - - [26/May/2014:12:41:09 -0600] "GET /images/carousel_1.jpg HTTP/1.0" 200 232 "http://blastsoccerofutah.com/" "Mozilla/5.0 (iPhone; CPU iPhone OS 7_1_1 like Mac OS X) AppleWebKit/537.51.2 (KHTML, like Gecko) Version/7.0 Mobile/11D201 Safari/9537.53"
70.220.101.254 - - [26/May/2014:12:41:25 -0600] "GET /about.php HTTP/1.0" 200 1140 "http://blastsoccerofutah.com/" "Mozilla/5.0 (iPhone; CPU iPhone OS 7_1_1 like Mac OS X) AppleWebKit/537.51.2 (KHTML, like Gecko) Version/7.0 Mobile/11D201 Safari/9537.53"
70.220.101.254 - - [26/May/2014:12:41:33 -0600] "GET /coaches.php HTTP/1.0" 200 848 "http://blastsoccerofutah.com/about.php" "Mozilla/5.0 (iPhone; CPU iPhone OS 7_1_1 like Mac OS X) AppleWebKit/537.51.2 (KHTML, like Gecko) Version/7.0 Mobile/11D201 Safari/9537.53"
70.220.101.254 - - [26/May/2014:12:41:39 -0600] "GET /teams.php HTTP/1.0" 200 853 "http://blastsoccerofutah.com/coaches.php" "Mozilla/5.0 (iPhone; CPU iPhone OS 7_1_1 like Mac OS X) AppleWebKit/537.51.2 (KHTML, like Gecko) Version/7.0 Mobile/11D201 Safari/9537.53"
70.220.101.254 - - [26/May/2014:12:41:44 -0600] "GET /fees.php HTTP/1.0" 200 848 "http://blastsoccerofutah.com/teams.php" "Mozilla/5.0 (iPhone; CPU iPhone OS 7_1_1 like Mac OS X) AppleWebKit/537.51.2 (KHTML, like Gecko) Version/7.0 Mobile/11D201 Safari/9537.53"
70.220.101.254 - - [26/May/2014:13:27:37 -0600] "GET /fees.php HTTP/1.0" 200 848 "-" "Mozilla/5.0 (iPhone; CPU iPhone OS 7_1_1 like Mac OS X) AppleWebKit/537.51.2 (KHTML, like Gecko) Version/7.0 Mobile/11D201 Safari/9537.53"
70.220.101.254 - - [26/May/2014:13:27:38 -0600] "GET /js/site.js HTTP/1.0" 200 338 "http://blastsoccerofutah.com/fees.php" "Mozilla/5.0 (iPhone; CPU iPhone OS 7_1_1 like Mac OS X) AppleWebKit/537.51.2 (KHTML, like Gecko) Version/7.0 Mobile/11D201 Safari/9537.53"
67.2.51.87 - - [26/May/2014:14:13:58 -0600] "GET / HTTP/1.0" 200 288 "-" "Mozilla/5.0 (Macintosh; Intel Mac OS X 10_8_5) AppleWebKit/537.75.14 (KHTML, like Gecko) Version/6.1.3 Safari/537.75.14"
67.2.51.87 - - [26/May/2014:14:13:58 -0600] "GET /css/site.css HTTP/1.0" 200 289 "http://blastsoccerofutah.com/" "Mozilla/5.0 (Macintosh; Intel Mac OS X 10_8_5) AppleWebKit/537.75.14 (KHTML, like Gecko) Version/6.1.3 Safari/537.75.14"
67.2.51.87 - - [26/May/2014:14:13:58 -0600] "GET /js/site.js HTTP/1.0" 200 338 "http://blastsoccerofutah.com/" "Mozilla/5.0 (Macintosh; Intel Mac OS X 10_8_5) AppleWebKit/537.75.14 (KHTML, like Gecko) Version/6.1.3 Safari/537.75.14"
67.2.51.87 - - [26/May/2014:14:13:58 -0600] "GET /css/jquery.openCarousel.css HTTP/1.0" 200 304 "http://blastsoccerofutah.com/" "Mozilla/5.0 (Macintosh; Intel Mac OS X 10_8_5) AppleWebKit/537.75.14 (KHTML, like Gecko) Version/6.1.3 Safari/537.75.14"
67.2.51.87 - - [26/May/2014:14:13:58 -0600] "GET /js/jquery.openCarousel.js HTTP/1.0" 200 316 "http://blastsoccerofutah.com/" "Mozilla/5.0 (Macintosh; Intel Mac OS X 10_8_5) AppleWebKit/537.75.14 (KHTML, like Gecko) Version/6.1.3 Safari/537.75.14"
67.2.51.87 - - [26/May/2014:14:13:58 -0600] "GET /images/logo.png HTTP/1.0" 200 225 "http://blastsoccerofutah.com/" "Mozilla/5.0 (Macintosh; Intel Mac OS X 10_8_5) AppleWebKit/537.75.14 (KHTML, like Gecko) Version/6.1.3 Safari/537.75.14"
67.2.51.87 - - [26/May/2014:14:13:58 -0600] "GET /images/carousel_3.jpg HTTP/1.0" 200 232 "http://blastsoccerofutah.com/" "Mozilla/5.0 (Macintosh; Intel Mac OS X 10_8_5) AppleWebKit/537.75.14 (KHTML, like Gecko) Version/6.1.3 Safari/537.75.14"
67.2.51.87 - - [26/May/2014:14:13:58 -0600] "GET /images/carousel_1.jpg HTTP/1.0" 200 232 "http://blastsoccerofutah.com/" "Mozilla/5.0 (Macintosh; Intel Mac OS X 10_8_5) AppleWebKit/537.75.14 (KHTML, like Gecko) Version/6.1.3 Safari/537.75.14"
67.2.51.87 - - [26/May/2014:14:13:59 -0600] "GET /favicon.ico HTTP/1.0" 404 848 "http://blastsoccerofutah.com/" "Mozilla/5.0 (Macintosh; Intel Mac OS X 10_8_5) AppleWebKit/537.75.14 (KHTML, like Gecko) Version/6.1.3 Safari/537.75.14"
67.2.51.87 - - [26/May/2014:14:14:19 -0600] "GET /teams.php HTTP/1.0" 200 853 "http://blastsoccerofutah.com/" "Mozilla/5.0 (Macintosh; Intel Mac OS X 10_8_5) AppleWebKit/537.75.14 (KHTML, like Gecko) Version/6.1.3 Safari/537.75.14"
67.2.51.87 - - [26/May/2014:14:14:21 -0600] "GET /about.php HTTP/1.0" 200 1140 "http://blastsoccerofutah.com/teams.php" "Mozilla/5.0 (Macintosh; Intel Mac OS X 10_8_5) AppleWebKit/537.75.14 (KHTML, like Gecko) Version/6.1.3 Safari/537.75.14"
67.2.51.87 - - [26/May/2014:14:14:38 -0600] "GET /registration.php HTTP/1.0" 200 849 "http://blastsoccerofutah.com/about.php" "Mozilla/5.0 (Macintosh; Intel Mac OS X 10_8_5) AppleWebKit/537.75.14 (KHTML, like Gecko) Version/6.1.3 Safari/537.75.14"
67.2.51.87 - - [26/May/2014:14:14:40 -0600] "GET /fees.php HTTP/1.0" 200 848 "http://blastsoccerofutah.com/registration.php" "Mozilla/5.0 (Macintosh; Intel Mac OS X 10_8_5) AppleWebKit/537.75.14 (KHTML, like Gecko) Version/6.1.3 Safari/537.75.14"
67.2.51.87 - - [26/May/2014:14:14:42 -0600] "GET /coaches.php HTTP/1.0" 200 848 "http://blastsoccerofutah.com/fees.php" "Mozilla/5.0 (Macintosh; Intel Mac OS X 10_8_5) AppleWebKit/537.75.14 (KHTML, like Gecko) Version/6.1.3 Safari/537.75.14"
174.27.195.107 - - [26/May/2014:20:32:27 -0600] "GET / HTTP/1.0" 200 288 "-" "Mozilla/5.0 (iPhone; CPU iPhone OS 7_1_1 like Mac OS X) AppleWebKit/537.51.2 (KHTML, like Gecko) Version/7.0 Mobile/11D201 Safari/9537.53"
174.27.195.107 - - [26/May/2014:20:32:27 -0600] "GET /css/site.css HTTP/1.0" 200 289 "http://blastsoccerofutah.com/" "Mozilla/5.0 (iPhone; CPU iPhone OS 7_1_1 like Mac OS X) AppleWebKit/537.51.2 (KHTML, like Gecko) Version/7.0 Mobile/11D201 Safari/9537.53"
174.27.195.107 - - [26/May/2014:20:32:27 -0600] "GET /css/jquery.openCarousel.css HTTP/1.0" 200 304 "http://blastsoccerofutah.com/" "Mozilla/5.0 (iPhone; CPU iPhone OS 7_1_1 like Mac OS X) AppleWebKit/537.51.2 (KHTML, like Gecko) Version/7.0 Mobile/11D201 Safari/9537.53"
